// Jest Snapshot v1, https://goo.gl/fbAQLP

exports[`<EquipmentMenu /> renders correctly 1`] = `
<EquipmentMenu
  date={0}
  isVisible={true}
  range={
    Object {
      "to": 2,
    }
  }
  selectEquipment={[MockFunction]}
>
  <div
    className="EquipmentMenu sdv-list"
  >
    <EquipmentMenuItem
      date={0}
      equipmentId="scarecrow"
      key="scarecrow"
      selectEquipment={[Function]}
    >
      <div>
        <div
          className="sdv-list-item flex-horizontal"
          data-automationid="equipment-scarecrow--0"
          onClick={[Function]}
        >
          <div
            className="sdv-list-item-icon"
          >
            <div
              style={
                Object {
                  "height": "16px",
                  "transform": "scale(0.5)",
                  "transformOrigin": "top center",
                  "whiteSpace": "nowrap",
                  "width": "16px",
                }
              }
            >
              <Sprite
                height={32}
                src="images/equipment-sheet.png"
                width={16}
                x={0}
                y={0}
              >
                <div
                  className="sprite"
                  style={
                    Object {
                      "backgroundImage": "url(images/equipment-sheet.png)",
                      "backgroundPosition": "-0px -0px",
                      "display": "inline-block",
                      "height": "32px",
                      "verticalAlign": "top",
                      "width": "16px",
                    }
                  }
                />
              </Sprite>
            </div>
          </div>
          <div
            className="sdv-list-item-text flex margin-right"
          >
            <BigText>
              <div
                className="BigText"
              >
                <div
                  style={
                    Object {
                      "transform": "scale(0)",
                      "transformOrigin": "left center",
                      "whiteSpace": "nowrap",
                    }
                  }
                >
                  <Sprite
                    height={16}
                    key="0"
                    src="images/sdv-font.png"
                    width={8}
                    x={408}
                    y={0}
                  >
                    <div
                      className="sprite"
                      style={
                        Object {
                          "backgroundImage": "url(images/sdv-font.png)",
                          "backgroundPosition": "-408px -0px",
                          "display": "inline-block",
                          "height": "16px",
                          "verticalAlign": "top",
                          "width": "8px",
                        }
                      }
                    />
                  </Sprite>
                  <Sprite
                    height={16}
                    key="1"
                    src="images/sdv-font.png"
                    width={8}
                    x={536}
                    y={0}
                  >
                    <div
                      className="sprite"
                      style={
                        Object {
                          "backgroundImage": "url(images/sdv-font.png)",
                          "backgroundPosition": "-536px -0px",
                          "display": "inline-block",
                          "height": "16px",
                          "verticalAlign": "top",
                          "width": "8px",
                        }
                      }
                    />
                  </Sprite>
                  <Sprite
                    height={16}
                    key="2"
                    src="images/sdv-font.png"
                    width={8}
                    x={520}
                    y={0}
                  >
                    <div
                      className="sprite"
                      style={
                        Object {
                          "backgroundImage": "url(images/sdv-font.png)",
                          "backgroundPosition": "-520px -0px",
                          "display": "inline-block",
                          "height": "16px",
                          "verticalAlign": "top",
                          "width": "8px",
                        }
                      }
                    />
                  </Sprite>
                  <Sprite
                    height={16}
                    key="3"
                    src="images/sdv-font.png"
                    width={8}
                    x={656}
                    y={0}
                  >
                    <div
                      className="sprite"
                      style={
                        Object {
                          "backgroundImage": "url(images/sdv-font.png)",
                          "backgroundPosition": "-656px -0px",
                          "display": "inline-block",
                          "height": "16px",
                          "verticalAlign": "top",
                          "width": "8px",
                        }
                      }
                    />
                  </Sprite>
                  <Sprite
                    height={16}
                    key="4"
                    src="images/sdv-font.png"
                    width={8}
                    x={552}
                    y={0}
                  >
                    <div
                      className="sprite"
                      style={
                        Object {
                          "backgroundImage": "url(images/sdv-font.png)",
                          "backgroundPosition": "-552px -0px",
                          "display": "inline-block",
                          "height": "16px",
                          "verticalAlign": "top",
                          "width": "8px",
                        }
                      }
                    />
                  </Sprite>
                  <Sprite
                    height={16}
                    key="5"
                    src="images/sdv-font.png"
                    width={8}
                    x={536}
                    y={0}
                  >
                    <div
                      className="sprite"
                      style={
                        Object {
                          "backgroundImage": "url(images/sdv-font.png)",
                          "backgroundPosition": "-536px -0px",
                          "display": "inline-block",
                          "height": "16px",
                          "verticalAlign": "top",
                          "width": "8px",
                        }
                      }
                    />
                  </Sprite>
                  <Sprite
                    height={16}
                    key="6"
                    src="images/sdv-font.png"
                    width={8}
                    x={656}
                    y={0}
                  >
                    <div
                      className="sprite"
                      style={
                        Object {
                          "backgroundImage": "url(images/sdv-font.png)",
                          "backgroundPosition": "-656px -0px",
                          "display": "inline-block",
                          "height": "16px",
                          "verticalAlign": "top",
                          "width": "8px",
                        }
                      }
                    />
                  </Sprite>
                  <Sprite
                    height={16}
                    key="7"
                    src="images/sdv-font.png"
                    width={8}
                    x={632}
                    y={0}
                  >
                    <div
                      className="sprite"
                      style={
                        Object {
                          "backgroundImage": "url(images/sdv-font.png)",
                          "backgroundPosition": "-632px -0px",
                          "display": "inline-block",
                          "height": "16px",
                          "verticalAlign": "top",
                          "width": "8px",
                        }
                      }
                    />
                  </Sprite>
                  <Sprite
                    height={16}
                    key="8"
                    src="images/sdv-font.png"
                    width={8}
                    x={696}
                    y={0}
                  >
                    <div
                      className="sprite"
                      style={
                        Object {
                          "backgroundImage": "url(images/sdv-font.png)",
                          "backgroundPosition": "-696px -0px",
                          "display": "inline-block",
                          "height": "16px",
                          "verticalAlign": "top",
                          "width": "8px",
                        }
                      }
                    />
                  </Sprite>
                </div>
              </div>
            </BigText>
          </div>
          <button
            className="margin-right sdv-button-down"
            data-automationid="equipment-dropdown--trigger"
            onClick={[Function]}
          />
        </div>
      </div>
    </EquipmentMenuItem>
    <EquipmentMenuItem
      date={0}
      equipmentId="sprinkler"
      key="sprinkler"
      selectEquipment={[Function]}
    >
      <div>
        <div
          className="sdv-list-item flex-horizontal"
          data-automationid="equipment-sprinkler--0"
          onClick={[Function]}
        >
          <div
            className="sdv-list-item-icon"
          >
            <Sprite
              height={16}
              src="images/equipment-sheet.png"
              width={16}
              x={144}
              y={16}
            >
              <div
                className="sprite"
                style={
                  Object {
                    "backgroundImage": "url(images/equipment-sheet.png)",
                    "backgroundPosition": "-144px -16px",
                    "display": "inline-block",
                    "height": "16px",
                    "verticalAlign": "top",
                    "width": "16px",
                  }
                }
              />
            </Sprite>
          </div>
          <div
            className="sdv-list-item-text flex margin-right"
          >
            <BigText>
              <div
                className="BigText"
              >
                <div
                  style={
                    Object {
                      "transform": "scale(0)",
                      "transformOrigin": "left center",
                      "whiteSpace": "nowrap",
                    }
                  }
                >
                  <Sprite
                    height={16}
                    key="0"
                    src="images/sdv-font.png"
                    width={8}
                    x={408}
                    y={0}
                  >
                    <div
                      className="sprite"
                      style={
                        Object {
                          "backgroundImage": "url(images/sdv-font.png)",
                          "backgroundPosition": "-408px -0px",
                          "display": "inline-block",
                          "height": "16px",
                          "verticalAlign": "top",
                          "width": "8px",
                        }
                      }
                    />
                  </Sprite>
                  <Sprite
                    height={16}
                    key="1"
                    src="images/sdv-font.png"
                    width={8}
                    x={640}
                    y={0}
                  >
                    <div
                      className="sprite"
                      style={
                        Object {
                          "backgroundImage": "url(images/sdv-font.png)",
                          "backgroundPosition": "-640px -0px",
                          "display": "inline-block",
                          "height": "16px",
                          "verticalAlign": "top",
                          "width": "8px",
                        }
                      }
                    />
                  </Sprite>
                  <Sprite
                    height={16}
                    key="2"
                    src="images/sdv-font.png"
                    width={8}
                    x={656}
                    y={0}
                  >
                    <div
                      className="sprite"
                      style={
                        Object {
                          "backgroundImage": "url(images/sdv-font.png)",
                          "backgroundPosition": "-656px -0px",
                          "display": "inline-block",
                          "height": "16px",
                          "verticalAlign": "top",
                          "width": "8px",
                        }
                      }
                    />
                  </Sprite>
                  <Sprite
                    height={16}
                    key="3"
                    src="images/sdv-font.png"
                    width={8}
                    x={584}
                    y={0}
                  >
                    <div
                      className="sprite"
                      style={
                        Object {
                          "backgroundImage": "url(images/sdv-font.png)",
                          "backgroundPosition": "-584px -0px",
                          "display": "inline-block",
                          "height": "16px",
                          "verticalAlign": "top",
                          "width": "8px",
                        }
                      }
                    />
                  </Sprite>
                  <Sprite
                    height={16}
                    key="4"
                    src="images/sdv-font.png"
                    width={8}
                    x={624}
                    y={0}
                  >
                    <div
                      className="sprite"
                      style={
                        Object {
                          "backgroundImage": "url(images/sdv-font.png)",
                          "backgroundPosition": "-624px -0px",
                          "display": "inline-block",
                          "height": "16px",
                          "verticalAlign": "top",
                          "width": "8px",
                        }
                      }
                    />
                  </Sprite>
                  <Sprite
                    height={16}
                    key="5"
                    src="images/sdv-font.png"
                    width={8}
                    x={600}
                    y={0}
                  >
                    <div
                      className="sprite"
                      style={
                        Object {
                          "backgroundImage": "url(images/sdv-font.png)",
                          "backgroundPosition": "-600px -0px",
                          "display": "inline-block",
                          "height": "16px",
                          "verticalAlign": "top",
                          "width": "8px",
                        }
                      }
                    />
                  </Sprite>
                  <Sprite
                    height={16}
                    key="6"
                    src="images/sdv-font.png"
                    width={8}
                    x={608}
                    y={0}
                  >
                    <div
                      className="sprite"
                      style={
                        Object {
                          "backgroundImage": "url(images/sdv-font.png)",
                          "backgroundPosition": "-608px -0px",
                          "display": "inline-block",
                          "height": "16px",
                          "verticalAlign": "top",
                          "width": "8px",
                        }
                      }
                    />
                  </Sprite>
                  <Sprite
                    height={16}
                    key="7"
                    src="images/sdv-font.png"
                    width={8}
                    x={552}
                    y={0}
                  >
                    <div
                      className="sprite"
                      style={
                        Object {
                          "backgroundImage": "url(images/sdv-font.png)",
                          "backgroundPosition": "-552px -0px",
                          "display": "inline-block",
                          "height": "16px",
                          "verticalAlign": "top",
                          "width": "8px",
                        }
                      }
                    />
                  </Sprite>
                  <Sprite
                    height={16}
                    key="8"
                    src="images/sdv-font.png"
                    width={8}
                    x={656}
                    y={0}
                  >
                    <div
                      className="sprite"
                      style={
                        Object {
                          "backgroundImage": "url(images/sdv-font.png)",
                          "backgroundPosition": "-656px -0px",
                          "display": "inline-block",
                          "height": "16px",
                          "verticalAlign": "top",
                          "width": "8px",
                        }
                      }
                    />
                  </Sprite>
                </div>
              </div>
            </BigText>
          </div>
          <button
            className="margin-right sdv-button-down"
            data-automationid="equipment-dropdown--trigger"
            onClick={[Function]}
          />
        </div>
      </div>
    </EquipmentMenuItem>
    <EquipmentMenuItem
      date={0}
      equipmentId="fence"
      key="fence"
      selectEquipment={[Function]}
    >
      <div>
        <div
          className="sdv-list-item flex-horizontal"
          data-automationid="equipment-fence--0"
          onClick={[Function]}
        >
          <div
            className="sdv-list-item-icon"
          >
            <div
              style={
                Object {
                  "height": "16px",
                  "transform": "scale(0.5)",
                  "transformOrigin": "top left",
                  "whiteSpace": "nowrap",
                  "width": "16px",
                }
              }
            >
              <Sprite
                height={32}
                src="images/fences.png"
                width={16}
                x={0}
                y={0}
              >
                <div
                  className="sprite"
                  style={
                    Object {
                      "backgroundImage": "url(images/fences.png)",
                      "backgroundPosition": "-0px -0px",
                      "display": "inline-block",
                      "height": "32px",
                      "verticalAlign": "top",
                      "width": "16px",
                    }
                  }
                />
              </Sprite>
              <Sprite
                height={32}
                src="images/fences.png"
                width={16}
                x={32}
                y={0}
              >
                <div
                  className="sprite"
                  style={
                    Object {
                      "backgroundImage": "url(images/fences.png)",
                      "backgroundPosition": "-32px -0px",
                      "display": "inline-block",
                      "height": "32px",
                      "verticalAlign": "top",
                      "width": "16px",
                    }
                  }
                />
              </Sprite>
            </div>
          </div>
          <div
            className="sdv-list-item-text flex margin-right"
          >
            <BigText>
              <div
                className="BigText"
              >
                <div
                  style={
                    Object {
                      "transform": "scale(0)",
                      "transformOrigin": "left center",
                      "whiteSpace": "nowrap",
                    }
                  }
                >
                  <Sprite
                    height={16}
                    key="0"
                    src="images/sdv-font.png"
                    width={8}
                    x={440}
                    y={0}
                  >
                    <div
                      className="sprite"
                      style={
                        Object {
                          "backgroundImage": "url(images/sdv-font.png)",
                          "backgroundPosition": "-440px -0px",
                          "display": "inline-block",
                          "height": "16px",
                          "verticalAlign": "top",
                          "width": "8px",
                        }
                      }
                    />
                  </Sprite>
                  <Sprite
                    height={16}
                    key="1"
                    src="images/sdv-font.png"
                    width={8}
                    x={632}
                    y={0}
                  >
                    <div
                      className="sprite"
                      style={
                        Object {
                          "backgroundImage": "url(images/sdv-font.png)",
                          "backgroundPosition": "-632px -0px",
                          "display": "inline-block",
                          "height": "16px",
                          "verticalAlign": "top",
                          "width": "8px",
                        }
                      }
                    />
                  </Sprite>
                  <Sprite
                    height={16}
                    key="2"
                    src="images/sdv-font.png"
                    width={8}
                    x={632}
                    y={0}
                  >
                    <div
                      className="sprite"
                      style={
                        Object {
                          "backgroundImage": "url(images/sdv-font.png)",
                          "backgroundPosition": "-632px -0px",
                          "display": "inline-block",
                          "height": "16px",
                          "verticalAlign": "top",
                          "width": "8px",
                        }
                      }
                    />
                  </Sprite>
                  <Sprite
                    height={16}
                    key="3"
                    src="images/sdv-font.png"
                    width={8}
                    x={544}
                    y={0}
                  >
                    <div
                      className="sprite"
                      style={
                        Object {
                          "backgroundImage": "url(images/sdv-font.png)",
                          "backgroundPosition": "-544px -0px",
                          "display": "inline-block",
                          "height": "16px",
                          "verticalAlign": "top",
                          "width": "8px",
                        }
                      }
                    />
                  </Sprite>
                  <Sprite
                    height={16}
                    key="4"
                    src="images/sdv-font.png"
                    width={8}
                    x={0}
                    y={0}
                  >
                    <div
                      className="sprite"
                      style={
                        Object {
                          "backgroundImage": "url(images/sdv-font.png)",
                          "backgroundPosition": "-0px -0px",
                          "display": "inline-block",
                          "height": "16px",
                          "verticalAlign": "top",
                          "width": "8px",
                        }
                      }
                    />
                  </Sprite>
                  <Sprite
                    height={16}
                    key="5"
                    src="images/sdv-font.png"
                    width={8}
                    x={304}
                    y={0}
                  >
                    <div
                      className="sprite"
                      style={
                        Object {
                          "backgroundImage": "url(images/sdv-font.png)",
                          "backgroundPosition": "-304px -0px",
                          "display": "inline-block",
                          "height": "16px",
                          "verticalAlign": "top",
                          "width": "8px",
                        }
                      }
                    />
                  </Sprite>
                  <Sprite
                    height={16}
                    key="6"
                    src="images/sdv-font.png"
                    width={8}
                    x={552}
                    y={0}
                  >
                    <div
                      className="sprite"
                      style={
                        Object {
                          "backgroundImage": "url(images/sdv-font.png)",
                          "backgroundPosition": "-552px -0px",
                          "display": "inline-block",
                          "height": "16px",
                          "verticalAlign": "top",
                          "width": "8px",
                        }
                      }
                    />
                  </Sprite>
                  <Sprite
                    height={16}
                    key="7"
                    src="images/sdv-font.png"
                    width={8}
                    x={624}
                    y={0}
                  >
                    <div
                      className="sprite"
                      style={
                        Object {
                          "backgroundImage": "url(images/sdv-font.png)",
                          "backgroundPosition": "-624px -0px",
                          "display": "inline-block",
                          "height": "16px",
                          "verticalAlign": "top",
                          "width": "8px",
                        }
                      }
                    />
                  </Sprite>
                  <Sprite
                    height={16}
                    key="8"
                    src="images/sdv-font.png"
                    width={8}
                    x={536}
                    y={0}
                  >
                    <div
                      className="sprite"
                      style={
                        Object {
                          "backgroundImage": "url(images/sdv-font.png)",
                          "backgroundPosition": "-536px -0px",
                          "display": "inline-block",
                          "height": "16px",
                          "verticalAlign": "top",
                          "width": "8px",
                        }
                      }
                    />
                  </Sprite>
                  <Sprite
                    height={16}
                    key="9"
                    src="images/sdv-font.png"
                    width={8}
                    x={552}
                    y={0}
                  >
                    <div
                      className="sprite"
                      style={
                        Object {
                          "backgroundImage": "url(images/sdv-font.png)",
                          "backgroundPosition": "-552px -0px",
                          "display": "inline-block",
                          "height": "16px",
                          "verticalAlign": "top",
                          "width": "8px",
                        }
                      }
                    />
                  </Sprite>
                </div>
              </div>
            </BigText>
          </div>
          <button
            className="margin-right sdv-button-down"
            data-automationid="equipment-dropdown--trigger"
            onClick={[Function]}
          />
        </div>
      </div>
    </EquipmentMenuItem>
  </div>
</EquipmentMenu>
`;
