// Jest Snapshot v1, https://goo.gl/fbAQLP

exports[`renders correctly 1`] = `
<div
  className="ItemsMenu flex-vertical"
>
  <div
    className="flex-horizontal flex-no-shrink"
  >
    <div
      className="sdv-tab selected"
      data-automationid="seeds-tab"
      onClick={[Function]}
    >
      <Sprite
        height={16}
        src="images/seeds.png"
        width={16}
        x={16}
        y={0}
      />
    </div>
    <div
      className="sdv-tab"
      data-automationid="equipment-tab"
      onClick={[Function]}
    >
      <Sprite
        height={16}
        src="images/equipment-sheet.png"
        width={16}
        x={0}
        y={0}
      />
    </div>
    <div
      className="sdv-tab"
      data-automationid="decorations-tab"
      onClick={[Function]}
    >
      <Sprite
        height={16}
        src="images/equipment-sheet.png"
        width={16}
        x={960}
        y={16}
      />
    </div>
  </div>
  <SeedMenu
    date={0}
    isVisible={true}
    selectCrop={[MockFunction]}
  />
  <EquipmentMenu
    date={0}
    isVisible={false}
    range={
      Object {
        "to": 22,
      }
    }
    selectEquipment={[MockFunction]}
  />
  <EquipmentMenu
    date={0}
    isVisible={false}
    range={
      Object {
        "from": 23,
      }
    }
    selectEquipment={[MockFunction]}
  />
</div>
`;
