// Vitest Snapshot v1, https://vitest.dev/guide/snapshot.html

exports[`renders the app without crashing 1`] = `
<div>
  <div
    class="Toolbar sdv-toolbar-border flex-horizontal"
  >
    <div
      class="Toolbar--tool sdv-tool-border"
      data-testid="tool--pick-axe"
    >
      <img
        src="images/pick-axe.png"
      />
    </div>
    <div
      class="Toolbar--tool sdv-tool-border"
      data-testid="tool--"
    />
    <div
      class="Toolbar--tool sdv-tool-border"
      data-testid="tool--"
    />
    <div
      class="Toolbar--tool sdv-tool-border"
      data-testid="tool--"
    />
    <div
      class="Toolbar--tool sdv-tool-border"
      data-testid="tool--"
    />
    <div
      class="Toolbar--tool sdv-tool-border"
      data-testid="tool--"
    />
    <div
      class="Toolbar--tool sdv-tool-border"
      data-testid="tool--"
    />
  </div>
</div>
`;
