// Vitest Snapshot v1, https://vitest.dev/guide/snapshot.html

exports[`doing things with a selected region > can install equipment 1`] = `
<div>
  <div
    class="Farm"
  >
    <div
      class="Farm--canvas-wrapper"
      style="transform: scale(1);"
    >
      <canvas
        class="Farm--canvas"
        data-testid="farm-canvas"
        height="1040"
        width="1280"
      />
    </div>
  </div>
</div>
`;

exports[`doing things with a selected region > can plant crops 1`] = `
<div>
  <div
    class="Farm"
  >
    <div
      class="Farm--canvas-wrapper"
      style="transform: scale(1);"
    >
      <canvas
        class="Farm--canvas"
        data-testid="farm-canvas"
        height="1040"
        width="1280"
      />
    </div>
  </div>
</div>
`;

exports[`doing things with a selected region > won't do anything if we're not actually selecting a region of the farm 1`] = `
<div>
  <div
    class="Farm"
  >
    <div
      class="Farm--canvas-wrapper"
      style="transform: scale(1);"
    >
      <canvas
        class="Farm--canvas"
        data-testid="farm-canvas"
        height="1040"
        width="1280"
      />
    </div>
  </div>
</div>
`;

exports[`renders the app without crashing 1`] = `
<div>
  <div
    class="Farm"
  >
    <div
      class="Farm--canvas-wrapper"
      style="transform: scale(1);"
    >
      <canvas
        class="Farm--canvas"
        data-testid="farm-canvas"
        height="1040"
        width="1280"
      />
    </div>
  </div>
</div>
`;
