// Jest Snapshot v1, https://goo.gl/fbAQLP

exports[`renders the app without crashing 1`] = `
<div
  class="App flex-horizontal"
>
  <div
    class="flex-vertical flex overflow-hidden"
  >
    <div
      class="relative flex overflow-hidden"
    >
      <div
        class="Farm"
      >
        <div
          class="Farm--canvas-wrapper"
          style="transform: scale(1);"
        >
          <div
            class="Farm--canvas"
            height="1040"
            width="1280"
          />
        </div>
      </div>
      <div
        class="Toolbar sdv-toolbar-border flex-horizontal"
      >
        <div
          class="Toolbar--tool sdv-tool-border"
        >
          <img
            src="images/pick-axe.png"
          />
        </div>
        <div
          class="Toolbar--tool sdv-tool-border"
        />
        <div
          class="Toolbar--tool sdv-tool-border"
        />
        <div
          class="Toolbar--tool sdv-tool-border"
        />
        <div
          class="Toolbar--tool sdv-tool-border"
        />
        <div
          class="Toolbar--tool sdv-tool-border"
        />
        <div
          class="Toolbar--tool sdv-tool-border"
        />
      </div>
      <div
        class="DatePicker"
      >
        <div
          class="flex-horizontal"
        >
          <div
            class="sdv-panel-big flex"
          >
            <div
              class="DatePicker--day flex-horizontal"
            >
              <div
                class="DatePicker--day-slider flex-horizontal flex"
              >
                <input
                  data-automation-id="DatePicker--day-slider-input"
                  max="27"
                  min="0"
                  type="range"
                  value="0"
                />
              </div>
              <div
                class="DatePicker--day-text"
                style="display: block;"
              >
                <div
                  class="BigText"
                >
                  <div
                    class="sprite"
                    style="background-image: url(images/sdv-font.png); background-position: -288px -0px; display: inline-block; height: 16px; vertical-align: top; width: 8px;"
                  />
                  <div
                    class="sprite"
                    style="background-image: url(images/sdv-font.png); background-position: -520px -0px; display: inline-block; height: 16px; vertical-align: top; width: 8px;"
                  />
                  <div
                    class="sprite"
                    style="background-image: url(images/sdv-font.png); background-position: -712px -0px; display: inline-block; height: 16px; vertical-align: top; width: 8px;"
                  />
                  <div
                    class="sprite"
                    style="background-image: url(images/sdv-font.png); background-position: -0px -0px; display: inline-block; height: 16px; vertical-align: top; width: 8px;"
                  />
                  <div
                    class="sprite"
                    style="background-image: url(images/sdv-font.png); background-position: -136px -0px; display: inline-block; height: 16px; vertical-align: top; width: 8px;"
                  />
                </div>
              </div>
            </div>
          </div>
          <div
            class="DatePicker--season flex-horizontal"
          >
            <div
              class="sdv-button-big sdv-hover-effect selected"
            >
              <div
                class="BigButton"
              >
                <div
                  class="BigText"
                >
                  <div
                    class="sprite"
                    style="background-image: url(images/sdv-font.png); background-position: -408px -0px; display: inline-block; height: 16px; vertical-align: top; width: 8px;"
                  />
                  <div
                    class="sprite"
                    style="background-image: url(images/sdv-font.png); background-position: -640px -0px; display: inline-block; height: 16px; vertical-align: top; width: 8px;"
                  />
                  <div
                    class="sprite"
                    style="background-image: url(images/sdv-font.png); background-position: -656px -0px; display: inline-block; height: 16px; vertical-align: top; width: 8px;"
                  />
                  <div
                    class="sprite"
                    style="background-image: url(images/sdv-font.png); background-position: -584px -0px; display: inline-block; height: 16px; vertical-align: top; width: 8px;"
                  />
                  <div
                    class="sprite"
                    style="background-image: url(images/sdv-font.png); background-position: -624px -0px; display: inline-block; height: 16px; vertical-align: top; width: 8px;"
                  />
                  <div
                    class="sprite"
                    style="background-image: url(images/sdv-font.png); background-position: -568px -0px; display: inline-block; height: 16px; vertical-align: top; width: 8px;"
                  />
                </div>
              </div>
            </div>
            <div
              class="sdv-button-big sdv-hover-effect"
            >
              <div
                class="BigButton"
              >
                <div
                  class="BigText"
                >
                  <div
                    class="sprite"
                    style="background-image: url(images/sdv-font.png); background-position: -408px -0px; display: inline-block; height: 16px; vertical-align: top; width: 8px;"
                  />
                  <div
                    class="sprite"
                    style="background-image: url(images/sdv-font.png); background-position: -680px -0px; display: inline-block; height: 16px; vertical-align: top; width: 8px;"
                  />
                  <div
                    class="sprite"
                    style="background-image: url(images/sdv-font.png); background-position: -616px -0px; display: inline-block; height: 16px; vertical-align: top; width: 8px;"
                  />
                  <div
                    class="sprite"
                    style="background-image: url(images/sdv-font.png); background-position: -616px -0px; display: inline-block; height: 16px; vertical-align: top; width: 8px;"
                  />
                  <div
                    class="sprite"
                    style="background-image: url(images/sdv-font.png); background-position: -552px -0px; display: inline-block; height: 16px; vertical-align: top; width: 8px;"
                  />
                  <div
                    class="sprite"
                    style="background-image: url(images/sdv-font.png); background-position: -656px -0px; display: inline-block; height: 16px; vertical-align: top; width: 8px;"
                  />
                </div>
              </div>
            </div>
            <div
              class="sdv-button-big sdv-hover-effect"
            >
              <div
                class="BigButton"
              >
                <div
                  class="BigText"
                >
                  <div
                    class="sprite"
                    style="background-image: url(images/sdv-font.png); background-position: -304px -0px; display: inline-block; height: 16px; vertical-align: top; width: 8px;"
                  />
                  <div
                    class="sprite"
                    style="background-image: url(images/sdv-font.png); background-position: -520px -0px; display: inline-block; height: 16px; vertical-align: top; width: 8px;"
                  />
                  <div
                    class="sprite"
                    style="background-image: url(images/sdv-font.png); background-position: -608px -0px; display: inline-block; height: 16px; vertical-align: top; width: 8px;"
                  />
                  <div
                    class="sprite"
                    style="background-image: url(images/sdv-font.png); background-position: -608px -0px; display: inline-block; height: 16px; vertical-align: top; width: 8px;"
                  />
                </div>
              </div>
            </div>
            <div
              class="sdv-button-big sdv-hover-effect"
            >
              <div
                class="BigButton"
              >
                <div
                  class="BigText"
                >
                  <div
                    class="sprite"
                    style="background-image: url(images/sdv-font.png); background-position: -440px -0px; display: inline-block; height: 16px; vertical-align: top; width: 8px;"
                  />
                  <div
                    class="sprite"
                    style="background-image: url(images/sdv-font.png); background-position: -584px -0px; display: inline-block; height: 16px; vertical-align: top; width: 8px;"
                  />
                  <div
                    class="sprite"
                    style="background-image: url(images/sdv-font.png); background-position: -624px -0px; display: inline-block; height: 16px; vertical-align: top; width: 8px;"
                  />
                  <div
                    class="sprite"
                    style="background-image: url(images/sdv-font.png); background-position: -672px -0px; display: inline-block; height: 16px; vertical-align: top; width: 8px;"
                  />
                  <div
                    class="sprite"
                    style="background-image: url(images/sdv-font.png); background-position: -552px -0px; display: inline-block; height: 16px; vertical-align: top; width: 8px;"
                  />
                  <div
                    class="sprite"
                    style="background-image: url(images/sdv-font.png); background-position: -656px -0px; display: inline-block; height: 16px; vertical-align: top; width: 8px;"
                  />
                </div>
              </div>
            </div>
          </div>
          <div
            class="flex-horizontal flex"
          >
            <div
              class="flex"
            />
            <div
              class="sdv-panel-big"
            >
              <div
                class="DatePicker--year flex-horizontal"
              >
                <button
                  class="sdv-button-subtract"
                  data-automation-id="DatePicker--year-subtract"
                  disabled=""
                />
                <div
                  class="BigText"
                >
                  <div
                    class="sprite"
                    style="background-image: url(images/sdv-font.png); background-position: -456px -0px; display: inline-block; height: 16px; vertical-align: top; width: 8px;"
                  />
                  <div
                    class="sprite"
                    style="background-image: url(images/sdv-font.png); background-position: -552px -0px; display: inline-block; height: 16px; vertical-align: top; width: 8px;"
                  />
                  <div
                    class="sprite"
                    style="background-image: url(images/sdv-font.png); background-position: -520px -0px; display: inline-block; height: 16px; vertical-align: top; width: 8px;"
                  />
                  <div
                    class="sprite"
                    style="background-image: url(images/sdv-font.png); background-position: -656px -0px; display: inline-block; height: 16px; vertical-align: top; width: 8px;"
                  />
                  <div
                    class="sprite"
                    style="background-image: url(images/sdv-font.png); background-position: -0px -0px; display: inline-block; height: 16px; vertical-align: top; width: 8px;"
                  />
                  <div
                    class="sprite"
                    style="background-image: url(images/sdv-font.png); background-position: -136px -0px; display: inline-block; height: 16px; vertical-align: top; width: 8px;"
                  />
                </div>
                <button
                  class="sdv-button-add"
                  data-automation-id="DatePicker--year-add"
                />
              </div>
            </div>
            <div
              class="flex"
            />
          </div>
        </div>
      </div>
    </div>
  </div>
  <div
    style="width: 168px;"
  >
    <div
      class="sdv-list"
    >
      <div
        class="sdv-list-item"
      >
        <div
          class="sdv-list-item-icon"
        >
          <div
            class="sprite"
            style="background-image: url(images/equipment.png); background-position: -0px -0px; display: inline-block; height: 16px; vertical-align: top; width: 16px;"
          />
        </div>
        <div
          class="sdv-list-item-text"
        >
          <div
            class="BigText"
          >
            <div
              class="sprite"
              style="background-image: url(images/sdv-font.png); background-position: -408px -0px; display: inline-block; height: 16px; vertical-align: top; width: 8px;"
            />
            <div
              class="sprite"
              style="background-image: url(images/sdv-font.png); background-position: -536px -0px; display: inline-block; height: 16px; vertical-align: top; width: 8px;"
            />
            <div
              class="sprite"
              style="background-image: url(images/sdv-font.png); background-position: -520px -0px; display: inline-block; height: 16px; vertical-align: top; width: 8px;"
            />
            <div
              class="sprite"
              style="background-image: url(images/sdv-font.png); background-position: -656px -0px; display: inline-block; height: 16px; vertical-align: top; width: 8px;"
            />
            <div
              class="sprite"
              style="background-image: url(images/sdv-font.png); background-position: -552px -0px; display: inline-block; height: 16px; vertical-align: top; width: 8px;"
            />
            <div
              class="sprite"
              style="background-image: url(images/sdv-font.png); background-position: -536px -0px; display: inline-block; height: 16px; vertical-align: top; width: 8px;"
            />
            <div
              class="sprite"
              style="background-image: url(images/sdv-font.png); background-position: -656px -0px; display: inline-block; height: 16px; vertical-align: top; width: 8px;"
            />
            <div
              class="sprite"
              style="background-image: url(images/sdv-font.png); background-position: -632px -0px; display: inline-block; height: 16px; vertical-align: top; width: 8px;"
            />
            <div
              class="sprite"
              style="background-image: url(images/sdv-font.png); background-position: -696px -0px; display: inline-block; height: 16px; vertical-align: top; width: 8px;"
            />
          </div>
        </div>
      </div>
      <div
        class="sdv-list-item"
      >
        <div
          class="sdv-list-item-icon"
        >
          <div
            class="sprite"
            style="background-image: url(images/equipment.png); background-position: -16px -0px; display: inline-block; height: 16px; vertical-align: top; width: 16px;"
          />
        </div>
        <div
          class="sdv-list-item-text"
        >
          <div
            class="BigText"
          >
            <div
              class="sprite"
              style="background-image: url(images/sdv-font.png); background-position: -408px -0px; display: inline-block; height: 16px; vertical-align: top; width: 8px;"
            />
            <div
              class="sprite"
              style="background-image: url(images/sdv-font.png); background-position: -640px -0px; display: inline-block; height: 16px; vertical-align: top; width: 8px;"
            />
            <div
              class="sprite"
              style="background-image: url(images/sdv-font.png); background-position: -656px -0px; display: inline-block; height: 16px; vertical-align: top; width: 8px;"
            />
            <div
              class="sprite"
              style="background-image: url(images/sdv-font.png); background-position: -584px -0px; display: inline-block; height: 16px; vertical-align: top; width: 8px;"
            />
            <div
              class="sprite"
              style="background-image: url(images/sdv-font.png); background-position: -624px -0px; display: inline-block; height: 16px; vertical-align: top; width: 8px;"
            />
            <div
              class="sprite"
              style="background-image: url(images/sdv-font.png); background-position: -600px -0px; display: inline-block; height: 16px; vertical-align: top; width: 8px;"
            />
            <div
              class="sprite"
              style="background-image: url(images/sdv-font.png); background-position: -608px -0px; display: inline-block; height: 16px; vertical-align: top; width: 8px;"
            />
            <div
              class="sprite"
              style="background-image: url(images/sdv-font.png); background-position: -552px -0px; display: inline-block; height: 16px; vertical-align: top; width: 8px;"
            />
            <div
              class="sprite"
              style="background-image: url(images/sdv-font.png); background-position: -656px -0px; display: inline-block; height: 16px; vertical-align: top; width: 8px;"
            />
          </div>
        </div>
      </div>
    </div>
    <div
      class="sdv-list"
    >
      <div
        class="sdv-list-item"
      >
        <div
          class="sdv-list-item-icon"
        >
          <div
            class="sprite"
            style="background-image: url(images/seeds.png); background-position: -16px -0px; display: inline-block; height: 16px; vertical-align: top; width: 16px;"
          />
        </div>
        <div
          class="sdv-list-item-text"
        >
          <div
            class="BigText"
          >
            <div
              class="sprite"
              style="background-image: url(images/sdv-font.png); background-position: -264px -0px; display: inline-block; height: 16px; vertical-align: top; width: 8px;"
            />
            <div
              class="sprite"
              style="background-image: url(images/sdv-font.png); background-position: -624px -0px; display: inline-block; height: 16px; vertical-align: top; width: 8px;"
            />
            <div
              class="sprite"
              style="background-image: url(images/sdv-font.png); background-position: -536px -0px; display: inline-block; height: 16px; vertical-align: top; width: 8px;"
            />
            <div
              class="sprite"
              style="background-image: url(images/sdv-font.png); background-position: -584px -0px; display: inline-block; height: 16px; vertical-align: top; width: 8px;"
            />
            <div
              class="sprite"
              style="background-image: url(images/sdv-font.png); background-position: -552px -0px; display: inline-block; height: 16px; vertical-align: top; width: 8px;"
            />
            <div
              class="sprite"
              style="background-image: url(images/sdv-font.png); background-position: -624px -0px; display: inline-block; height: 16px; vertical-align: top; width: 8px;"
            />
            <div
              class="sprite"
              style="background-image: url(images/sdv-font.png); background-position: -672px -0px; display: inline-block; height: 16px; vertical-align: top; width: 8px;"
            />
            <div
              class="sprite"
              style="background-image: url(images/sdv-font.png); background-position: -0px -0px; display: inline-block; height: 16px; vertical-align: top; width: 8px;"
            />
            <div
              class="sprite"
              style="background-image: url(images/sdv-font.png); background-position: -304px -0px; display: inline-block; height: 16px; vertical-align: top; width: 8px;"
            />
            <div
              class="sprite"
              style="background-image: url(images/sdv-font.png); background-position: -656px -0px; display: inline-block; height: 16px; vertical-align: top; width: 8px;"
            />
            <div
              class="sprite"
              style="background-image: url(images/sdv-font.png); background-position: -680px -0px; display: inline-block; height: 16px; vertical-align: top; width: 8px;"
            />
            <div
              class="sprite"
              style="background-image: url(images/sdv-font.png); background-position: -584px -0px; display: inline-block; height: 16px; vertical-align: top; width: 8px;"
            />
            <div
              class="sprite"
              style="background-image: url(images/sdv-font.png); background-position: -672px -0px; display: inline-block; height: 16px; vertical-align: top; width: 8px;"
            />
          </div>
        </div>
      </div>
      <div
        class="sdv-list-item"
      >
        <div
          class="sdv-list-item-icon"
        >
          <div
            class="sprite"
            style="background-image: url(images/seeds.png); background-position: -64px -0px; display: inline-block; height: 16px; vertical-align: top; width: 16px;"
          />
        </div>
        <div
          class="sdv-list-item-text"
        >
          <div
            class="BigText"
          >
            <div
              class="sprite"
              style="background-image: url(images/sdv-font.png); background-position: -272px -0px; display: inline-block; height: 16px; vertical-align: top; width: 8px;"
            />
            <div
              class="sprite"
              style="background-image: url(images/sdv-font.png); background-position: -608px -0px; display: inline-block; height: 16px; vertical-align: top; width: 8px;"
            />
            <div
              class="sprite"
              style="background-image: url(images/sdv-font.png); background-position: -680px -0px; display: inline-block; height: 16px; vertical-align: top; width: 8px;"
            />
            <div
              class="sprite"
              style="background-image: url(images/sdv-font.png); background-position: -552px -0px; display: inline-block; height: 16px; vertical-align: top; width: 8px;"
            />
            <div
              class="sprite"
              style="background-image: url(images/sdv-font.png); background-position: -0px -0px; display: inline-block; height: 16px; vertical-align: top; width: 8px;"
            />
            <div
              class="sprite"
              style="background-image: url(images/sdv-font.png); background-position: -336px -0px; display: inline-block; height: 16px; vertical-align: top; width: 8px;"
            />
            <div
              class="sprite"
              style="background-image: url(images/sdv-font.png); background-position: -520px -0px; display: inline-block; height: 16px; vertical-align: top; width: 8px;"
            />
            <div
              class="sprite"
              style="background-image: url(images/sdv-font.png); background-position: -720px -0px; display: inline-block; height: 16px; vertical-align: top; width: 8px;"
            />
            <div
              class="sprite"
              style="background-image: url(images/sdv-font.png); background-position: -720px -0px; display: inline-block; height: 16px; vertical-align: top; width: 8px;"
            />
          </div>
        </div>
      </div>
      <div
        class="sdv-list-item"
      >
        <div
          class="sdv-list-item-icon"
        >
          <div
            class="sprite"
            style="background-image: url(images/seeds.png); background-position: -112px -0px; display: inline-block; height: 16px; vertical-align: top; width: 16px;"
          />
        </div>
        <div
          class="sdv-list-item-text"
        >
          <div
            class="BigText"
          >
            <div
              class="sprite"
              style="background-image: url(images/sdv-font.png); background-position: -280px -0px; display: inline-block; height: 16px; vertical-align: top; width: 8px;"
            />
            <div
              class="sprite"
              style="background-image: url(images/sdv-font.png); background-position: -520px -0px; display: inline-block; height: 16px; vertical-align: top; width: 8px;"
            />
            <div
              class="sprite"
              style="background-image: url(images/sdv-font.png); background-position: -680px -0px; display: inline-block; height: 16px; vertical-align: top; width: 8px;"
            />
            <div
              class="sprite"
              style="background-image: url(images/sdv-font.png); background-position: -608px -0px; display: inline-block; height: 16px; vertical-align: top; width: 8px;"
            />
            <div
              class="sprite"
              style="background-image: url(images/sdv-font.png); background-position: -584px -0px; display: inline-block; height: 16px; vertical-align: top; width: 8px;"
            />
            <div
              class="sprite"
              style="background-image: url(images/sdv-font.png); background-position: -560px -0px; display: inline-block; height: 16px; vertical-align: top; width: 8px;"
            />
            <div
              class="sprite"
              style="background-image: url(images/sdv-font.png); background-position: -608px -0px; display: inline-block; height: 16px; vertical-align: top; width: 8px;"
            />
            <div
              class="sprite"
              style="background-image: url(images/sdv-font.png); background-position: -632px -0px; display: inline-block; height: 16px; vertical-align: top; width: 8px;"
            />
            <div
              class="sprite"
              style="background-image: url(images/sdv-font.png); background-position: -696px -0px; display: inline-block; height: 16px; vertical-align: top; width: 8px;"
            />
            <div
              class="sprite"
              style="background-image: url(images/sdv-font.png); background-position: -552px -0px; display: inline-block; height: 16px; vertical-align: top; width: 8px;"
            />
            <div
              class="sprite"
              style="background-image: url(images/sdv-font.png); background-position: -656px -0px; display: inline-block; height: 16px; vertical-align: top; width: 8px;"
            />
          </div>
        </div>
      </div>
      <div
        class="sdv-list-item"
      >
        <div
          class="sdv-list-item-icon"
        >
          <div
            class="sprite"
            style="background-image: url(images/seeds.png); background-position: -128px -0px; display: inline-block; height: 16px; vertical-align: top; width: 16px;"
          />
        </div>
        <div
          class="sdv-list-item-text"
        >
          <div
            class="BigText"
          >
            <div
              class="sprite"
              style="background-image: url(images/sdv-font.png); background-position: -280px -0px; display: inline-block; height: 16px; vertical-align: top; width: 8px;"
            />
            <div
              class="sprite"
              style="background-image: url(images/sdv-font.png); background-position: -632px -0px; display: inline-block; height: 16px; vertical-align: top; width: 8px;"
            />
            <div
              class="sprite"
              style="background-image: url(images/sdv-font.png); background-position: -560px -0px; display: inline-block; height: 16px; vertical-align: top; width: 8px;"
            />
            <div
              class="sprite"
              style="background-image: url(images/sdv-font.png); background-position: -560px -0px; display: inline-block; height: 16px; vertical-align: top; width: 8px;"
            />
            <div
              class="sprite"
              style="background-image: url(images/sdv-font.png); background-position: -552px -0px; display: inline-block; height: 16px; vertical-align: top; width: 8px;"
            />
            <div
              class="sprite"
              style="background-image: url(images/sdv-font.png); background-position: -552px -0px; display: inline-block; height: 16px; vertical-align: top; width: 8px;"
            />
            <div
              class="sprite"
              style="background-image: url(images/sdv-font.png); background-position: -0px -0px; display: inline-block; height: 16px; vertical-align: top; width: 8px;"
            />
            <div
              class="sprite"
              style="background-image: url(images/sdv-font.png); background-position: -272px -0px; display: inline-block; height: 16px; vertical-align: top; width: 8px;"
            />
            <div
              class="sprite"
              style="background-image: url(images/sdv-font.png); background-position: -552px -0px; display: inline-block; height: 16px; vertical-align: top; width: 8px;"
            />
            <div
              class="sprite"
              style="background-image: url(images/sdv-font.png); background-position: -520px -0px; display: inline-block; height: 16px; vertical-align: top; width: 8px;"
            />
            <div
              class="sprite"
              style="background-image: url(images/sdv-font.png); background-position: -624px -0px; display: inline-block; height: 16px; vertical-align: top; width: 8px;"
            />
          </div>
        </div>
      </div>
      <div
        class="sdv-list-item"
      >
        <div
          class="sdv-list-item-icon"
        >
          <div
            class="sprite"
            style="background-image: url(images/seeds.png); background-position: -208px -0px; display: inline-block; height: 16px; vertical-align: top; width: 16px;"
          />
        </div>
        <div
          class="sdv-list-item-text"
        >
          <div
            class="BigText"
          >
            <div
              class="sprite"
              style="background-image: url(images/sdv-font.png); background-position: -312px -0px; display: inline-block; height: 16px; vertical-align: top; width: 8px;"
            />
            <div
              class="sprite"
              style="background-image: url(images/sdv-font.png); background-position: -520px -0px; display: inline-block; height: 16px; vertical-align: top; width: 8px;"
            />
            <div
              class="sprite"
              style="background-image: url(images/sdv-font.png); background-position: -656px -0px; display: inline-block; height: 16px; vertical-align: top; width: 8px;"
            />
            <div
              class="sprite"
              style="background-image: url(images/sdv-font.png); background-position: -608px -0px; display: inline-block; height: 16px; vertical-align: top; width: 8px;"
            />
            <div
              class="sprite"
              style="background-image: url(images/sdv-font.png); background-position: -584px -0px; display: inline-block; height: 16px; vertical-align: top; width: 8px;"
            />
            <div
              class="sprite"
              style="background-image: url(images/sdv-font.png); background-position: -536px -0px; display: inline-block; height: 16px; vertical-align: top; width: 8px;"
            />
          </div>
        </div>
      </div>
      <div
        class="sdv-list-item"
      >
        <div
          class="sdv-list-item-icon"
        >
          <div
            class="sprite"
            style="background-image: url(images/seeds.png); background-position: -240px -0px; display: inline-block; height: 16px; vertical-align: top; width: 16px;"
          />
        </div>
        <div
          class="sdv-list-item-text"
        >
          <div
            class="BigText"
          >
            <div
              class="sprite"
              style="background-image: url(images/sdv-font.png); background-position: -312px -0px; display: inline-block; height: 16px; vertical-align: top; width: 8px;"
            />
            <div
              class="sprite"
              style="background-image: url(images/sdv-font.png); background-position: -656px -0px; display: inline-block; height: 16px; vertical-align: top; width: 8px;"
            />
            <div
              class="sprite"
              style="background-image: url(images/sdv-font.png); background-position: -552px -0px; display: inline-block; height: 16px; vertical-align: top; width: 8px;"
            />
            <div
              class="sprite"
              style="background-image: url(images/sdv-font.png); background-position: -552px -0px; display: inline-block; height: 16px; vertical-align: top; width: 8px;"
            />
            <div
              class="sprite"
              style="background-image: url(images/sdv-font.png); background-position: -624px -0px; display: inline-block; height: 16px; vertical-align: top; width: 8px;"
            />
            <div
              class="sprite"
              style="background-image: url(images/sdv-font.png); background-position: -0px -0px; display: inline-block; height: 16px; vertical-align: top; width: 8px;"
            />
            <div
              class="sprite"
              style="background-image: url(images/sdv-font.png); background-position: -272px -0px; display: inline-block; height: 16px; vertical-align: top; width: 8px;"
            />
            <div
              class="sprite"
              style="background-image: url(images/sdv-font.png); background-position: -552px -0px; display: inline-block; height: 16px; vertical-align: top; width: 8px;"
            />
            <div
              class="sprite"
              style="background-image: url(images/sdv-font.png); background-position: -520px -0px; display: inline-block; height: 16px; vertical-align: top; width: 8px;"
            />
            <div
              class="sprite"
              style="background-image: url(images/sdv-font.png); background-position: -624px -0px; display: inline-block; height: 16px; vertical-align: top; width: 8px;"
            />
          </div>
        </div>
      </div>
      <div
        class="sdv-list-item"
      >
        <div
          class="sdv-list-item-icon"
        >
          <div
            class="sprite"
            style="background-image: url(images/seeds.png); background-position: -288px -0px; display: inline-block; height: 16px; vertical-align: top; width: 16px;"
          />
        </div>
        <div
          class="sdv-list-item-text"
        >
          <div
            class="BigText"
          >
            <div
              class="sprite"
              style="background-image: url(images/sdv-font.png); background-position: -344px -0px; display: inline-block; height: 16px; vertical-align: top; width: 8px;"
            />
            <div
              class="sprite"
              style="background-image: url(images/sdv-font.png); background-position: -520px -0px; display: inline-block; height: 16px; vertical-align: top; width: 8px;"
            />
            <div
              class="sprite"
              style="background-image: url(images/sdv-font.png); background-position: -608px -0px; display: inline-block; height: 16px; vertical-align: top; width: 8px;"
            />
            <div
              class="sprite"
              style="background-image: url(images/sdv-font.png); background-position: -552px -0px; display: inline-block; height: 16px; vertical-align: top; width: 8px;"
            />
          </div>
        </div>
      </div>
      <div
        class="sdv-list-item"
      >
        <div
          class="sdv-list-item-icon"
        >
          <div
            class="sprite"
            style="background-image: url(images/seeds.png); background-position: -320px -0px; display: inline-block; height: 16px; vertical-align: top; width: 16px;"
          />
        </div>
        <div
          class="sdv-list-item-text"
        >
          <div
            class="BigText"
          >
            <div
              class="sprite"
              style="background-image: url(images/sdv-font.png); background-position: -384px -0px; display: inline-block; height: 16px; vertical-align: top; width: 8px;"
            />
            <div
              class="sprite"
              style="background-image: url(images/sdv-font.png); background-position: -520px -0px; display: inline-block; height: 16px; vertical-align: top; width: 8px;"
            />
            <div
              class="sprite"
              style="background-image: url(images/sdv-font.png); background-position: -656px -0px; display: inline-block; height: 16px; vertical-align: top; width: 8px;"
            />
            <div
              class="sprite"
              style="background-image: url(images/sdv-font.png); background-position: -664px -0px; display: inline-block; height: 16px; vertical-align: top; width: 8px;"
            />
            <div
              class="sprite"
              style="background-image: url(images/sdv-font.png); background-position: -624px -0px; display: inline-block; height: 16px; vertical-align: top; width: 8px;"
            />
            <div
              class="sprite"
              style="background-image: url(images/sdv-font.png); background-position: -584px -0px; display: inline-block; height: 16px; vertical-align: top; width: 8px;"
            />
            <div
              class="sprite"
              style="background-image: url(images/sdv-font.png); background-position: -640px -0px; display: inline-block; height: 16px; vertical-align: top; width: 8px;"
            />
          </div>
        </div>
      </div>
      <div
        class="sdv-list-item"
      >
        <div
          class="sdv-list-item-icon"
        >
          <div
            class="sprite"
            style="background-image: url(images/seeds.png); background-position: -352px -0px; display: inline-block; height: 16px; vertical-align: top; width: 16px;"
          />
        </div>
        <div
          class="sdv-list-item-text"
        >
          <div
            class="BigText"
          >
            <div
              class="sprite"
              style="background-image: url(images/sdv-font.png); background-position: -384px -0px; display: inline-block; height: 16px; vertical-align: top; width: 8px;"
            />
            <div
              class="sprite"
              style="background-image: url(images/sdv-font.png); background-position: -632px -0px; display: inline-block; height: 16px; vertical-align: top; width: 8px;"
            />
            <div
              class="sprite"
              style="background-image: url(images/sdv-font.png); background-position: -672px -0px; display: inline-block; height: 16px; vertical-align: top; width: 8px;"
            />
            <div
              class="sprite"
              style="background-image: url(images/sdv-font.png); background-position: -520px -0px; display: inline-block; height: 16px; vertical-align: top; width: 8px;"
            />
            <div
              class="sprite"
              style="background-image: url(images/sdv-font.png); background-position: -672px -0px; display: inline-block; height: 16px; vertical-align: top; width: 8px;"
            />
            <div
              class="sprite"
              style="background-image: url(images/sdv-font.png); background-position: -632px -0px; display: inline-block; height: 16px; vertical-align: top; width: 8px;"
            />
          </div>
        </div>
      </div>
      <div
        class="sdv-list-item"
      >
        <div
          class="sdv-list-item-icon"
        >
          <div
            class="sprite"
            style="background-image: url(images/seeds.png); background-position: -416px -0px; display: inline-block; height: 16px; vertical-align: top; width: 16px;"
          />
        </div>
        <div
          class="sdv-list-item-text"
        >
          <div
            class="BigText"
          >
            <div
              class="sprite"
              style="background-image: url(images/sdv-font.png); background-position: -400px -0px; display: inline-block; height: 16px; vertical-align: top; width: 8px;"
            />
            <div
              class="sprite"
              style="background-image: url(images/sdv-font.png); background-position: -576px -0px; display: inline-block; height: 16px; vertical-align: top; width: 8px;"
            />
            <div
              class="sprite"
              style="background-image: url(images/sdv-font.png); background-position: -680px -0px; display: inline-block; height: 16px; vertical-align: top; width: 8px;"
            />
            <div
              class="sprite"
              style="background-image: url(images/sdv-font.png); background-position: -528px -0px; display: inline-block; height: 16px; vertical-align: top; width: 8px;"
            />
            <div
              class="sprite"
              style="background-image: url(images/sdv-font.png); background-position: -520px -0px; display: inline-block; height: 16px; vertical-align: top; width: 8px;"
            />
            <div
              class="sprite"
              style="background-image: url(images/sdv-font.png); background-position: -656px -0px; display: inline-block; height: 16px; vertical-align: top; width: 8px;"
            />
            <div
              class="sprite"
              style="background-image: url(images/sdv-font.png); background-position: -528px -0px; display: inline-block; height: 16px; vertical-align: top; width: 8px;"
            />
          </div>
        </div>
      </div>
      <div
        class="sdv-list-item"
      >
        <div
          class="sdv-list-item-icon"
        >
          <div
            class="sprite"
            style="background-image: url(images/seeds.png); background-position: -448px -0px; display: inline-block; height: 16px; vertical-align: top; width: 16px;"
          />
        </div>
        <div
          class="sdv-list-item-text"
        >
          <div
            class="BigText"
          >
            <div
              class="sprite"
              style="background-image: url(images/sdv-font.png); background-position: -408px -0px; display: inline-block; height: 16px; vertical-align: top; width: 8px;"
            />
            <div
              class="sprite"
              style="background-image: url(images/sdv-font.png); background-position: -672px -0px; display: inline-block; height: 16px; vertical-align: top; width: 8px;"
            />
            <div
              class="sprite"
              style="background-image: url(images/sdv-font.png); background-position: -656px -0px; display: inline-block; height: 16px; vertical-align: top; width: 8px;"
            />
            <div
              class="sprite"
              style="background-image: url(images/sdv-font.png); background-position: -520px -0px; display: inline-block; height: 16px; vertical-align: top; width: 8px;"
            />
            <div
              class="sprite"
              style="background-image: url(images/sdv-font.png); background-position: -696px -0px; display: inline-block; height: 16px; vertical-align: top; width: 8px;"
            />
            <div
              class="sprite"
              style="background-image: url(images/sdv-font.png); background-position: -528px -0px; display: inline-block; height: 16px; vertical-align: top; width: 8px;"
            />
            <div
              class="sprite"
              style="background-image: url(images/sdv-font.png); background-position: -552px -0px; display: inline-block; height: 16px; vertical-align: top; width: 8px;"
            />
            <div
              class="sprite"
              style="background-image: url(images/sdv-font.png); background-position: -656px -0px; display: inline-block; height: 16px; vertical-align: top; width: 8px;"
            />
            <div
              class="sprite"
              style="background-image: url(images/sdv-font.png); background-position: -656px -0px; display: inline-block; height: 16px; vertical-align: top; width: 8px;"
            />
            <div
              class="sprite"
              style="background-image: url(images/sdv-font.png); background-position: -712px -0px; display: inline-block; height: 16px; vertical-align: top; width: 8px;"
            />
          </div>
        </div>
      </div>
      <div
        class="sdv-list-item"
      >
        <div
          class="sdv-list-item-icon"
        >
          <div
            class="sprite"
            style="background-image: url(images/seeds.png); background-position: -528px -0px; display: inline-block; height: 16px; vertical-align: top; width: 16px;"
          />
        </div>
        <div
          class="sdv-list-item-text"
        >
          <div
            class="BigText"
          >
            <div
              class="sprite"
              style="background-image: url(images/sdv-font.png); background-position: -416px -0px; display: inline-block; height: 16px; vertical-align: top; width: 8px;"
            />
            <div
              class="sprite"
              style="background-image: url(images/sdv-font.png); background-position: -680px -0px; display: inline-block; height: 16px; vertical-align: top; width: 8px;"
            />
            <div
              class="sprite"
              style="background-image: url(images/sdv-font.png); background-position: -608px -0px; display: inline-block; height: 16px; vertical-align: top; width: 8px;"
            />
            <div
              class="sprite"
              style="background-image: url(images/sdv-font.png); background-position: -584px -0px; display: inline-block; height: 16px; vertical-align: top; width: 8px;"
            />
            <div
              class="sprite"
              style="background-image: url(images/sdv-font.png); background-position: -640px -0px; display: inline-block; height: 16px; vertical-align: top; width: 8px;"
            />
          </div>
        </div>
      </div>
    </div>
  </div>
</div>
`;
