// Vitest Snapshot v1, https://vitest.dev/guide/snapshot.html

exports[`Farm helper > getFenceMap > creates a fence map from the current equipment 1`] = `
[
  ,
  ,
  ,
  [
    ,
    ,
    0,
    0,
  ],
]
`;

exports[`Farm helper > getFlooringMap > creates a flooring map from the current equipment 1`] = `
[
  ,
  ,
  ,
  [
    ,
    ,
    0,
    0,
  ],
]
`;

exports[`Farm helper > getSoilMap > creates a soil map from the current farm items 1`] = `
[
  [
    0,
  ],
  [
    ,
    0,
    0,
    0,
    0,
    0,
  ],
  [
    ,
    0,
    0,
    0,
    0,
    0,
  ],
  [
    ,
    0,
    0,
    ,
    0,
    0,
  ],
  [
    ,
    0,
    0,
    0,
    0,
    0,
  ],
  [
    ,
    0,
    0,
    0,
    0,
    0,
  ],
]
`;

exports[`Farm helper > getSoilMap > does not return soil under paths 1`] = `
[
  [
    ,
    0,
  ],
  [
    0,
  ],
]
`;
