// Jest Snapshot v1, https://goo.gl/fbAQLP

exports[`Farm helper getFenceMap creates a fence map from the current equipment 1`] = `
Array [
  undefined,
  undefined,
  undefined,
  Array [
    undefined,
    undefined,
    0,
    0,
  ],
]
`;

exports[`Farm helper getFlooringMap creates a flooring map from the current equipment 1`] = `
Array [
  undefined,
  undefined,
  undefined,
  Array [
    undefined,
    undefined,
    0,
    0,
  ],
]
`;

exports[`Farm helper getSoilMap creates a soil map from the current farm items 1`] = `
Array [
  Array [
    0,
  ],
  Array [
    undefined,
    0,
    0,
    0,
    0,
    0,
  ],
  Array [
    undefined,
    0,
    0,
    0,
    0,
    0,
  ],
  Array [
    undefined,
    0,
    0,
    0,
    0,
    0,
  ],
  Array [
    undefined,
    0,
    0,
    0,
    0,
    0,
  ],
  Array [
    undefined,
    0,
    0,
    0,
    0,
    0,
  ],
]
`;

exports[`Farm helper getSoilMap does not return soil under paths 1`] = `
Array [
  Array [
    undefined,
    0,
  ],
  Array [
    0,
  ],
]
`;
